........................................................................ [  2%]
........................................................................ [  5%]
........................................................................ [  8%]
........................................................................ [ 11%]
........................................................................ [ 14%]
........................................................................ [ 17%]
........................................................................ [ 20%]
........................................................................ [ 22%]
........................................................................ [ 25%]
........................................................................ [ 28%]
........................................................................ [ 31%]
........................................................................ [ 34%]
........................................................................ [ 37%]
........................................................................ [ 40%]
........................................................................ [ 42%]
........................................................................ [ 45%]
........................................................................ [ 48%]
........................................................................ [ 51%]
........................................................................ [ 54%]
........................................................................ [ 57%]
........................................................................ [ 60%]
........................................................................ [ 62%]
........................................................................ [ 65%]
........................................................................ [ 68%]
........................................................................ [ 71%]
........................................................................ [ 74%]
........................................................................ [ 77%]
.....................................................F.................. [ 80%]
........................................................................ [ 82%]
........................................................................ [ 85%]
........................................................................ [ 88%]
........................................................................ [ 91%]
........................................................................ [ 94%]
........................................................................ [ 97%]
.....................................................................    [100%]
=================================== FAILURES ===================================
______________ test_catalog_is_generated_from_the_same_entrypoint ______________

    def test_catalog_is_generated_from_the_same_entrypoint():
        root=Path(__file__).resolve().parents[1]/'web/public/lessons'
        for example in json.loads((root/'index.json').read_text()):
            for method,name in example['methods'].items():
                saved=json.loads((root/(name+'.json')).read_text())
>               assert saved==create_lesson(example['netlist'],method,saved['source_sha'])
E               AssertionError: assert {'schema': 'c...tage R2', ...} == {'schema': 'c...tage R2', ...}
E
E                 Omitting 12 identical items, use -vv to show
E                 Differing items:
E                 {'lesson_build': 'cc7b7a226ec312374df6d3bb8f60da4a1d8722a247e9b6bf864a0973fea159ee'} != {'lesson_build': 'cd4299c19bcc98a2c1d56370451e945ecaf3897e288c1ed92aab7b9a5a5c1326'}
E                 Use -v to get more diff

tests/test_student_lesson.py:323: AssertionError
================================ tests coverage ================================
______________ coverage: platform darwin, python 3.12.12-final-0 _______________

Name                                                Stmts   Miss Branch BrPart  Cover   Missing
-----------------------------------------------------------------------------------------------
src/kirchhoff/__init__.py                               1      0      0      0   100%
src/kirchhoff/adapters/__init__.py                      0      0      0      0   100%
src/kirchhoff/api/__init__.py                           0      0      0      0   100%
src/kirchhoff/api/app_resource.py                      57      3     18      1    95%   66-68
src/kirchhoff/api/mcp_server.py                        36      0      0      0   100%
src/kirchhoff/config.py                                41      0     12      0   100%
src/kirchhoff/domain/__init__.py                        0      0      0      0   100%
src/kirchhoff/domain/didactic/__init__.py              15      0      2      0   100%
src/kirchhoff/domain/didactic/analytical.py           313      0    144      0   100%
src/kirchhoff/domain/didactic/capabilities.py          51      0     16      0   100%
src/kirchhoff/domain/didactic/derivation.py           138      0     70      0   100%
src/kirchhoff/domain/didactic/execute.py              161      0     94      0   100%
src/kirchhoff/domain/didactic/kinds.py                  8      0      0      0   100%
src/kirchhoff/domain/didactic/observation.py          120      0     70      0   100%
src/kirchhoff/domain/didactic/orchestrate.py          203      0    124      0   100%
src/kirchhoff/domain/didactic/plan.py                  49      0     18      0   100%
src/kirchhoff/domain/didactic/planner.py               42      0     12      0   100%
src/kirchhoff/domain/didactic/request.py              111      0     52      0   100%
src/kirchhoff/domain/didactic/solve.py                154      0     98      0   100%
src/kirchhoff/domain/exact.py                         108      0     34      0   100%
src/kirchhoff/domain/identity.py                       60      0     28      0   100%
src/kirchhoff/domain/independent_dc.py                209      0    106      0   100%
src/kirchhoff/domain/independent_phasor.py             85      0     52      0   100%
src/kirchhoff/domain/ir/__init__.py                     3      0      0      0   100%
src/kirchhoff/domain/ir/canonical.py                   11      0      2      0   100%
src/kirchhoff/domain/ir/schema.py                     143      0     76      0   100%
src/kirchhoff/domain/laplace.py                       134      0     54      0   100%
src/kirchhoff/domain/laplace_rational.py              155      0     52      0   100%
src/kirchhoff/domain/mna.py                           163      0    112      0   100%
src/kirchhoff/domain/port.py                          117      0     44      0   100%
src/kirchhoff/domain/proof/__init__.py                  2      0      0      0   100%
src/kirchhoff/domain/proof/graph.py                    99      0     44      0   100%
src/kirchhoff/domain/proof/session.py                 219      0    146      0   100%
src/kirchhoff/domain/refusal.py                        24      0      8      0   100%
src/kirchhoff/domain/student_trace.py                 189      0     98      0   100%
src/kirchhoff/domain/transform/__init__.py              7      0      0      0   100%
src/kirchhoff/domain/transform/applicability.py        44      0     14      0   100%
src/kirchhoff/domain/transform/catalog.py             122      0     50      0   100%
src/kirchhoff/domain/transform/check.py               145      0     60      0   100%
src/kirchhoff/domain/transform/delta.py                94      0     42      0   100%
src/kirchhoff/domain/transform/engine.py              113      0     36      0   100%
src/kirchhoff/domain/transform/primitives.py           26      0      8      0   100%
src/kirchhoff/domain/transform/result.py              129      0     58      0   100%
src/kirchhoff/domain/transient.py                      22      0      6      0   100%
src/kirchhoff/domain/truthfulness.py                  158      0     74      0   100%
src/kirchhoff/domain/two_port.py                       97      0     46      0   100%
src/kirchhoff/domain/validate.py                      132      0     78      0   100%
src/kirchhoff/domain/verify.py                        167      0     92      0   100%
src/kirchhoff/eval/__init__.py                          0      0      0      0   100%
src/kirchhoff/eval/cli.py                              46      0      4      0   100%
src/kirchhoff/eval/generator.py                        93      0     30      0   100%
src/kirchhoff/eval/generator_ac.py                    104      0     34      0   100%
src/kirchhoff/eval/generator_controlled.py             60      0     16      0   100%
src/kirchhoff/eval/generator_three_phase.py            72      0     10      0   100%
src/kirchhoff/eval/generator_transient.py              59      0      0      0   100%
src/kirchhoff/eval/metrics.py                          96      0     24      0   100%
src/kirchhoff/eval/reference_set.py                   169      0     68      0   100%
src/kirchhoff/eval/transformations.py                   9      0      2      0   100%
src/kirchhoff/pipeline/__init__.py                      5      0      0      0   100%
src/kirchhoff/pipeline/capabilities.py                 18      0      2      0   100%
src/kirchhoff/pipeline/circuitikz.py                   70      7     44      7    88%   35, 45, 47, 53, 56, 64, 66
src/kirchhoff/pipeline/cli.py                          85      9     34      6    87%   78-79, 81-82, 95->108, 100-104, 110, 117-118
src/kirchhoff/pipeline/failure.py                      13      3      4      2    71%   25, 27, 30
src/kirchhoff/pipeline/image_revision.py               91     25     38      4    65%   27-34, 36-50, 56, 62-63, 65
src/kirchhoff/pipeline/laplace_input.py               100      0     42      0   100%
src/kirchhoff/pipeline/lesson.py                      403     28    204     26    91%   61, 69, 93, 102, 106, 115, 123, 143, 145, 160, 193, 218, 253, 290, 310-311, 341, 414, 416, 420, 425, 427, 431, 433, 533, 593, 603, 628
src/kirchhoff/pipeline/lesson_ac.py                   233      0     94      1    99%   262->264
src/kirchhoff/pipeline/lesson_ac_algebra.py           102      1     40      1    99%   94
src/kirchhoff/pipeline/lesson_ac_algebra_check.py     190     19    114     19    88%   35, 46, 87, 94, 97, 102, 172, 176, 183, 189, 193, 204, 208, 213, 217, 220, 224, 235, 237
src/kirchhoff/pipeline/lesson_ac_port.py               78      2     22      2    96%   40, 67
src/kirchhoff/pipeline/lesson_ac_power.py              33      0     10      0   100%
src/kirchhoff/pipeline/lesson_bridge.py               105      5     38      6    92%   44, 49, 52, 96, 103->exit, 130
src/kirchhoff/pipeline/lesson_laplace.py               53      0     12      0   100%
src/kirchhoff/pipeline/lesson_laplace_algebra.py       85      1     34      1    98%   87
src/kirchhoff/pipeline/lesson_laplace_check.py        259      3    114      3    98%   93, 121, 220
src/kirchhoff/pipeline/lesson_math.py                  81      3     40      3    95%   92, 106, 112
src/kirchhoff/pipeline/lesson_pdf.py                  142      1     56      3    98%   77->46, 99->101, 137
src/kirchhoff/pipeline/lesson_pdf_math.py             153      1     72      2    99%   135, 186->188
src/kirchhoff/pipeline/lesson_svg.py                  190      2     78      2    99%   91, 162
src/kirchhoff/pipeline/netlist.py                     127      8     72      2    95%   119-120, 166-167, 180, 187-188, 201
src/kirchhoff/pipeline/presentation.py                274     20    114     14    91%   75, 212, 216, 249, 267, 276, 281, 285, 293, 321, 333-334, 338, 344-348, 459, 472
src/kirchhoff/pipeline/proof_run.py                   121      0     30      0   100%
src/kirchhoff/pipeline/proof_session.py                85      0     48      0   100%
src/kirchhoff/pipeline/resolve.py                     120      6     40      2    95%   106-107, 141-144, 210
src/kirchhoff/pipeline/risolvi.py                      60      0     24      0   100%
src/kirchhoff/pipeline/spice.py                       148     16     86     16    86%   51, 59, 67, 70, 77, 79, 97, 104, 107, 115, 125, 141, 148, 157, 162, 170
src/kirchhoff/pipeline/state_registry.py               85      0     46      0   100%
src/kirchhoff/pipeline/student_trace.py                18      4     10      4    71%   10, 13, 15, 19
src/kirchhoff/pipeline/vision_response.py              57      7     36      7    85%   62, 66, 80, 87, 93, 97, 106
src/kirchhoff/ports/__init__.py                         0      0      0      0   100%
src/kirchhoff/ports/clock.py                            5      0      0      0   100%
src/kirchhoff/render/__init__.py                        0      0      0      0   100%
src/kirchhoff/render/layout/__init__.py                 5      0      0      0   100%
src/kirchhoff/render/layout/apply.py                   45      0     20      0   100%
src/kirchhoff/render/layout/connected.py               61      1     22      2    96%   37, 49->51
src/kirchhoff/render/layout/continuity.py              42      0     16      0   100%
src/kirchhoff/render/layout/schema.py                  43      0     18      0   100%
src/kirchhoff/render/layout/store.py                   51      0      8      0   100%
src/kirchhoff/render/overlay/__init__.py                2      0      0      0   100%
src/kirchhoff/render/overlay/schema.py                 39      0     18      0   100%
src/kirchhoff/render/serialize/__init__.py              3      0      0      0   100%
src/kirchhoff/render/serialize/connectivity.py        192     23    118     24    85%   29, 35, 42, 43->45, 85, 101, 106, 112, 117, 121, 125, 129, 134, 138, 142, 151, 153, 168, 176, 187, 225, 233, 236, 241
src/kirchhoff/render/serialize/geometry.py            206      0     80      0   100%
src/kirchhoff/render/serialize/svg.py                 236      0     48      0   100%
src/kirchhoff/render/step/__init__.py                   3      0      0      0   100%
src/kirchhoff/render/step/compose.py                   24      0      4      0   100%
src/kirchhoff/render/step/schema.py                   124      0     50      0   100%
src/kirchhoff/runtime_identity.py                      57      2     12      1    96%   61-62
-----------------------------------------------------------------------------------------------
TOTAL                                                9907    200   4350    161    97%
Coverage JSON written to file coverage.json
Required test coverage of 95% reached. Total coverage: 97.36%
=========================== short test summary info ============================
FAILED tests/test_student_lesson.py::test_catalog_is_generated_from_the_same_entrypoint
