[21:43:47Z] kirchhoff-loop v3 — avvio
[21:43:47Z] repository=/Users/andreamarro/MATJOURNEY/kirchhoff
[21:43:47Z] iterazioni=20 prova=0 promuovi=0 watchdog=2700s scrittura=$25 revisione=$15
[21:43:47Z] caffeinate: la macchina resta sveglia per la durata del giro
[21:43:47Z] 
[21:43:47Z] --- iterazione 1 di 20 ---
  [ok]  nessun FERMO
  [ok]  repository git: 3ab316a
  [ok]  uv: uv 0.11.8 (0e961dd9a 2026-04-27 aarch64-apple-darwin)
  [ok]  helper runtime BMAD conformi al pin (5/5)
  [ok]  holdout protetto da regola deny
  [ok]  sprint-status.yaml leggibile
  [ok]  albero di lavoro pulito
[21:43:48Z] precondizioni: tutte verdi
[21:43:49Z] storia 1-8-visual-slice-0-prima-azione-dopo-e-ripercorribile gia' su main: avanzo a 1-5-il-recinto-render-adapters-nasce-con-render
[21:43:49Z] storia: 1-5-il-recinto-render-adapters-nasce-con-render
[21:43:49Z] classe di rischio: R3
[21:43:49Z] ramo: loop/iter-20260826T214349Z-1-5-il-recinto-render-adapters-nasce-con-render (da main)
[21:43:49Z] 
[21:43:49Z] passo 1: analizza [-]
[21:43:49Z]   classe R3: la decisione appartiene al proprietario.
[21:43:49Z] 
[21:43:49Z] iterazione 1 NON promossa. Il ramo loop/iter-20260826T214349Z-1-5-il-recinto-render-adapters-nasce-con-render resta per l'ispezione.
